📚 Generating vocabulary for 1221 lessons...
⏱  Estimated time: ~51 minutes

[1/1221] Questions 59–61... ✓ (7 words)
[2/1221] Questions 62–64... ✓ (6 words)
[3/1221] Questions 65–67... ✓ (8 words)
[4/1221] Questions 68–70... ✗ ERROR: {"error":{"code":429,"message":"You exceeded your current quota, please check yo
[5/1221] Questions 71–73... ✗ ERROR: {"error":{"code":429,"message":"You exceeded your current quota, please check yo
[6/1221] Questions 74–76... ✗ ERROR: {"error":{"code":429,"message":"You exceeded your current quota, please check yo
[7/1221] Questions 77–79...  (503, retry 1/2 in 5s)... ✗ ERROR: {"error":{"code":429,"message":"You exceeded your current quota, please check yo
[8/1221] Questions 80–82... ✗ ERROR: {"error":{"code":429,"message":"You exceeded your current quota, please check yo
[9/1221] Questions 83–85... ✗ ERROR: {"error":{"code":429,"message":"You exceeded your current quota, please check yo
[10/1221] Questions 86–88... ✗ ERROR: {"error":{"code":429,"message":"You exceeded your current quota, please check yo
[11/1221] Questions 89–91... ✗ ERROR: {"error":{"code":429,"message":"You exceeded your current quota, please check yo
[12/1221] Questions 92–94... ✗ ERROR: {"error":{"code":429,"message":"You exceeded your current quota, please check yo
[13/1221] Questions 95–97... ✗ ERROR: {"error":{"code":429,"message":"You exceeded your current quota, please check yo
[14/1221] Questions 98–100... ✗ ERROR: {"error":{"code":429,"message":"You exceeded your current quota, please check yo
[15/1221] Question 1... ✗ ERROR: {"error":{"code":429,"message":"You exceeded your current quota, please check yo
[16/1221] Question 2... ✗ ERROR: {"error":{"code":429,"message":"You exceeded your current quota, please check yo
[17/1221] Question 3... ✗ ERROR: {"error":{"code":429,"message":"You exceeded your current quota, please check yo
[18/1221] Question 4... ✗ ERROR: {"error":{"code":429,"message":"You exceeded your current quota, please check yo
[19/1221] Question 5... ✗ ERROR: {"error":{"code":429,"message":"You exceeded your current quota, please check yo
[20/1221] Question 6... ✗ ERROR: {"error":{"code":429,"message":"You exceeded your current quota, please check yo
[21/1221] Question 7... ✗ ERROR: {"error":{"code":429,"message":"You exceeded your current quota, please check yo
[22/1221] Question 8... ✗ ERROR: {"error":{"code":429,"message":"You exceeded your current quota, please check yo
[23/1221] Question 9... ✗ ERROR: {"error":{"code":429,"message":"You exceeded your current quota, please check yo
[24/1221] Question 10... ✗ ERROR: {"error":{"code":429,"message":"You exceeded your current quota, please check yo
[25/1221] Question 11... ✗ ERROR: {"error":{"code":429,"message":"You exceeded your current quota, please check yo
[26/1221] Question 12... ✗ ERROR: {"error":{"code":429,"message":"You exceeded your current quota, please check yo
[27/1221] Question 13... ✗ ERROR: {"error":{"code":429,"message":"You exceeded your current quota, please check yo
[28/1221] Question 14... ✗ ERROR: {"error":{"code":429,"message":"You exceeded your current quota, please check yo
[29/1221] Question 15... ✗ ERROR: {"error":{"code":429,"message":"You exceeded your current quota, please check yo
[30/1221] Question 16... ✗ ERROR: {"error":{"code":429,"message":"You exceeded your current quota, please check yo
[31/1221] Question 17... ✗ ERROR: {"error":{"code":429,"message":"You exceeded your current quota, please check yo
[32/1221] Question 18... ✗ ERROR: {"error":{"code":429,"message":"You exceeded your current quota, please check yo
[33/1221] Question 19... ✗ ERROR: {"error":{"code":429,"message":"You exceeded your current quota, please check yo
[34/1221] Question 20... ✗ ERROR: {"error":{"code":429,"message":"You exceeded your current quota, please check yo
[35/1221] Question 21... ✗ ERROR: {"error":{"code":429,"message":"You exceeded your current quota, please check yo
[36/1221] Question 22... ✗ ERROR: {"error":{"code":429,"message":"You exceeded your current quota, please check yo
[37/1221] Question 23... ✗ ERROR: {"error":{"code":429,"message":"You exceeded your current quota, please check yo
[38/1221] Question 24... ✗ ERROR: {"error":{"code":429,"message":"You exceeded your current quota, please check yo
[39/1221] Question 25... ✗ ERROR: {"error":{"code":429,"message":"You exceeded your current quota, please check yo
[40/1221] Question 26... ✗ ERROR: {"error":{"code":429,"message":"You exceeded your current quota, please check yo
[41/1221] Question 27... ✗ ERROR: {"error":{"code":429,"message":"You exceeded your current quota, please check yo
[42/1221] Question 28... ✗ ERROR: {"error":{"code":429,"message":"You exceeded your current quota, please check yo
[43/1221] Question 29... ✗ ERROR: {"error":{"code":429,"message":"You exceeded your current quota, please check yo
[44/1221] Question 30... ✗ ERROR: {"error":{"code":429,"message":"You exceeded your current quota, please check yo
[45/1221] Question 31... ✗ ERROR: {"error":{"code":429,"message":"You exceeded your current quota, please check yo
[46/1221] Question 1... ✗ ERROR: {"error":{"code":429,"message":"You exceeded your current quota, please check yo
[47/1221] Question 2... ✗ ERROR: {"error":{"code":429,"message":"You exceeded your current quota, please check yo
[48/1221] Question 3... ✗ ERROR: {"error":{"code":429,"message":"You exceeded your current quota, please check yo
[49/1221] Question 4... ✗ ERROR: {"error":{"code":429,"message":"You exceeded your current quota, please check yo
[50/1221] Question 5... ✗ ERROR: {"error":{"code":429,"message":"You exceeded your current quota, please check yo
[51/1221] Question 6... ✗ ERROR: {"error":{"code":429,"message":"You exceeded your current quota, please check yo
[52/1221] Question 7... ✗ ERROR: {"error":{"code":429,"message":"You exceeded your current quota, please check yo
[53/1221] Question 8... ✗ ERROR: {"error":{"code":429,"message":"You exceeded your current quota, please check yo
[54/1221] Question 9... ✗ ERROR: {"error":{"code":429,"message":"You exceeded your current quota, please check yo
[55/1221] Question 10... ✗ ERROR: {"error":{"code":429,"message":"You exceeded your current quota, please check yo
[56/1221] Question 11... ✗ ERROR: {"error":{"code":429,"message":"You exceeded your current quota, please check yo
[57/1221] Question 12... ✗ ERROR: {"error":{"code":429,"message":"You exceeded your current quota, please check yo
[58/1221] Question 13... ✗ ERROR: {"error":{"code":429,"message":"You exceeded your current quota, please check yo
[59/1221] Question 14... ✗ ERROR: {"error":{"code":429,"message":"You exceeded your current quota, please check yo
[60/1221] Question 15... ✗ ERROR: {"error":{"code":429,"message":"You exceeded your current quota, please check yo
[61/1221] Question 16... ✗ ERROR: {"error":{"code":429,"message":"You exceeded your current quota, please check yo
[62/1221] Question 17... ✗ ERROR: {"error":{"code":429,"message":"You exceeded your current quota, please check yo
[63/1221] Question 18... ✗ ERROR: {"error":{"code":429,"message":"You exceeded your current quota, please check yo
[64/1221] Question 19... ✗ ERROR: {"error":{"code":429,"message":"You exceeded your current quota, please check yo
[65/1221] Question 20... ✗ ERROR: {"error":{"code":429,"message":"You exceeded your current quota, please check yo
[66/1221] Question 21... ✗ ERROR: {"error":{"code":429,"message":"You exceeded your current quota, please check yo
[67/1221] Question 22... ✗ ERROR: {"error":{"code":429,"message":"You exceeded your current quota, please check yo
[68/1221] Question 23... ✗ ERROR: {"error":{"code":429,"message":"You exceeded your current quota, please check yo
[69/1221] Question 24... ✗ ERROR: {"error":{"code":429,"message":"You exceeded your current quota, please check yo
[70/1221] Question 25... ✗ ERROR: {"error":{"code":429,"message":"You exceeded your current quota, please check yo
[71/1221] Question 26... ✗ ERROR: {"error":{"code":429,"message":"You exceeded your current quota, please check yo
[72/1221] Question 27... ✗ ERROR: {"error":{"code":429,"message":"You exceeded your current quota, please check yo
[73/1221] Question 28... ✗ ERROR: {"error":{"code":429,"message":"You exceeded your current quota, please check yo
[74/1221] Question 29... ✗ ERROR: {"error":{"code":429,"message":"You exceeded your current quota, please check yo
[75/1221] Question 30... ✗ ERROR: {"error":{"code":429,"message":"You exceeded your current quota, please check yo
[76/1221] Question 31... ✗ ERROR: {"error":{"code":429,"message":"You exceeded your current quota, please check yo
[77/1221] Questions 32–34... ✗ ERROR: {"error":{"code":429,"message":"You exceeded your current quota, please check yo
[78/1221] Questions 35–37... ✗ ERROR: {"error":{"code":429,"message":"You exceeded your current quota, please check yo
[79/1221] Questions 38–40... ✗ ERROR: {"error":{"code":429,"message":"You exceeded your current quota, please check yo
[80/1221] Questions 41–43... ✗ ERROR: {"error":{"code":429,"message":"You exceeded your current quota, please check yo
[81/1221] Questions 44–46... ✗ ERROR: {"error":{"code":429,"message":"You exceeded your current quota, please check yo
[82/1221] Questions 47–49... ✗ ERROR: {"error":{"code":429,"message":"You exceeded your current quota, please check yo
[83/1221] Questions 50–52... ✗ ERROR: {"error":{"code":429,"message":"You exceeded your current quota, please check yo
[84/1221] Questions 53–55... ✗ ERROR: {"error":{"code":429,"message":"You exceeded your current quota, please check yo
[85/1221] Questions 56–58... ✗ ERROR: {"error":{"code":429,"message":"You exceeded your current quota, please check yo
[86/1221] Questions 59–61... ✗ ERROR: {"error":{"code":429,"message":"You exceeded your current quota, please check yo
[87/1221] Questions 62–64... ✗ ERROR: {"error":{"code":429,"message":"You exceeded your current quota, please check yo
[88/1221] Questions 65–67... ✗ ERROR: {"error":{"code":429,"message":"You exceeded your current quota, please check yo
[89/1221] Questions 68–70... ✗ ERROR: {"error":{"code":429,"message":"You exceeded your current quota, please check yo
[90/1221] Questions 71–73... ✗ ERROR: {"error":{"code":429,"message":"You exceeded your current quota, please check yo
[91/1221] Questions 74–76... ✗ ERROR: {"error":{"code":429,"message":"You exceeded your current quota, please check yo
